// Jest Snapshot v1, https://goo.gl/fbAQLP

exports[`MapContainer should match a snapshot 1`] = `
ShallowWrapper {
  "length": 1,
  Symbol(enzyme.__root__): [Circular],
  Symbol(enzyme.__unrendered__): <MapContainer
    captureGeo={[Function]}
    handleMapClick={[Function]}
    height=""
    loading={false}
    markerCoords={Object {}}
    right=""
    routeId="map"
    top=""
    width=""
/>,
  Symbol(enzyme.__renderer__): Object {
    "batchedUpdates": [Function],
    "getNode": [Function],
    "render": [Function],
    "simulateEvent": [Function],
    "unmount": [Function],
  },
  Symbol(enzyme.__node__): Object {
    "instance": null,
    "key": undefined,
    "nodeType": "class",
    "props": Object {
      "center": null,
      "containerElement": <div
        className="lostAndFoundMap"
        style={
                Object {
                        "height": "50%",
                        "left": "",
                        "position": "absolute",
                        "top": "10rem",
                        "width": "50%",
                      }
        }
/>,
      "googleMapURL": "https://maps.googleapis.com/maps/api/js?key=AIzaSyCVepTj3yZKdBV-t1k2wz5aHkbKYWFPL0w&v=3.exp&libraries=geometry,drawing,places",
      "loading": false,
      "loadingElement": <div
        style={
                Object {
                        "height": "100%",
                      }
        }
/>,
      "mapElement": <div
        style={
                Object {
                        "height": "100%",
                      }
        }
/>,
      "markerCoords": Object {},
      "onMapClick": [Function],
      "onMarkerClick": undefined,
      "position": undefined,
    },
    "ref": null,
    "rendered": null,
    "type": [Function],
  },
  Symbol(enzyme.__nodes__): Array [
    Object {
      "instance": null,
      "key": undefined,
      "nodeType": "class",
      "props": Object {
        "center": null,
        "containerElement": <div
          className="lostAndFoundMap"
          style={
                    Object {
                              "height": "50%",
                              "left": "",
                              "position": "absolute",
                              "top": "10rem",
                              "width": "50%",
                            }
          }
/>,
        "googleMapURL": "https://maps.googleapis.com/maps/api/js?key=AIzaSyCVepTj3yZKdBV-t1k2wz5aHkbKYWFPL0w&v=3.exp&libraries=geometry,drawing,places",
        "loading": false,
        "loadingElement": <div
          style={
                    Object {
                              "height": "100%",
                            }
          }
/>,
        "mapElement": <div
          style={
                    Object {
                              "height": "100%",
                            }
          }
/>,
        "markerCoords": Object {},
        "onMapClick": [Function],
        "onMarkerClick": undefined,
        "position": undefined,
      },
      "ref": null,
      "rendered": null,
      "type": [Function],
    },
  ],
  Symbol(enzyme.__options__): Object {
    "adapter": ReactSixteenAdapter {
      "options": Object {
        "enableComponentDidUpdateOnSetState": true,
      },
    },
  },
}
`;
